/mnt/c/Users/Luis Marquitti/AppData/Roaming/npm/yarn: 15: exec: node: not found
